stm32h7xx_it.c:82:6:NMI_Handler	4	static
stm32h7xx_it.c:95:6:HardFault_Handler	4	static
stm32h7xx_it.c:110:6:MemManage_Handler	4	static
stm32h7xx_it.c:125:6:BusFault_Handler	4	static
stm32h7xx_it.c:140:6:UsageFault_Handler	4	static
stm32h7xx_it.c:155:6:SVC_Handler	4	static
stm32h7xx_it.c:168:6:DebugMon_Handler	4	static
stm32h7xx_it.c:181:6:PendSV_Handler	4	static
stm32h7xx_it.c:194:6:SysTick_Handler	8	static
stm32h7xx_it.c:215:6:EXTI4_IRQHandler	8	static
stm32h7xx_it.c:229:6:EXTI9_5_IRQHandler	8	static
stm32h7xx_it.c:244:6:EXTI15_10_IRQHandler	8	static
